[2025-12-29 00:33:49.298][DEBUG][test_logger.cpp:12] 这是一条DEBUG日志，数字: 21
[2025-12-29 00:33:49.298][ERROR][test_logger.cpp:13] 这是一条ERROR日志，字符串：ERROR
[2025-12-29 00:33:49.298][FATAL][test_logger.cpp:14] 这是一条FATAL日志, 浮点数：3.141593
[2025-12-29 00:33:49.298][INFO][test_logger.cpp:15] 这是一条INFO日志
[2025-12-29 00:33:49.298][WARN][test_logger.cpp:16] 这是一条WARN日志
[2025-12-29 00:33:49.298][INFO][test_logger.cpp:21] 日志序号：0
[2025-12-29 00:33:49.298][INFO][test_logger.cpp:21] 日志序号：1
[2025-12-29 00:33:49.298][INFO][test_logger.cpp:21] 日志序号：2
[2025-12-29 00:33:49.298][INFO][test_logger.cpp:21] 日志序号：3
[2025-12-29 00:33:49.298][INFO][test_logger.cpp:21] 日志序号：4
[2025-12-29 00:33:49.298][INFO][test_logger.cpp:21] 日志序号：5
[2025-12-29 00:33:49.298][INFO][test_logger.cpp:21] 日志序号：6
[2025-12-29 00:33:49.298][INFO][test_logger.cpp:21] 日志序号：7
[2025-12-29 00:33:49.298][INFO][test_logger.cpp:21] 日志序号：8
[2025-12-29 00:33:49.298][INFO][test_logger.cpp:21] 日志序号：9
[2025-12-29 00:33:49.298][INFO][test_logger.cpp:21] 日志序号：10
[2025-12-29 00:33:49.298][INFO][test_logger.cpp:21] 日志序号：11
[2025-12-29 00:33:49.298][INFO][test_logger.cpp:21] 日志序号：12
[2025-12-29 00:33:49.298][INFO][test_logger.cpp:21] 日志序号：13
[2025-12-29 00:33:49.298][INFO][test_logger.cpp:21] 日志序号：14
[2025-12-29 00:33:49.298][INFO][test_logger.cpp:21] 日志序号：15
[2025-12-29 00:33:49.298][INFO][test_logger.cpp:21] 日志序号：16
[2025-12-29 00:33:49.298][INFO][test_logger.cpp:21] 日志序号：17
[2025-12-29 00:33:49.298][INFO][test_logger.cpp:21] 日志序号：18
[2025-12-29 00:33:49.298][INFO][test_logger.cpp:21] 日志序号：19
[2025-12-29 00:33:49.298][INFO][test_logger.cpp:21] 日志序号：20
[2025-12-29 00:33:49.298][INFO][test_logger.cpp:21] 日志序号：21
[2025-12-29 00:33:49.298][INFO][test_logger.cpp:21] 日志序号：22
[2025-12-29 00:33:49.298][INFO][test_logger.cpp:21] 日志序号：23
[2025-12-29 00:33:49.298][INFO][test_logger.cpp:21] 日志序号：24
[2025-12-29 00:33:49.298][INFO][test_logger.cpp:21] 日志序号：25
[2025-12-29 00:33:49.298][INFO][test_logger.cpp:21] 日志序号：26
[2025-12-29 00:33:49.298][INFO][test_logger.cpp:21] 日志序号：27
[2025-12-29 00:33:49.298][INFO][test_logger.cpp:21] 日志序号：28
[2025-12-29 00:33:49.298][INFO][test_logger.cpp:21] 日志序号：29
[2025-12-29 00:33:49.298][INFO][test_logger.cpp:21] 日志序号：30
[2025-12-29 00:33:49.298][INFO][test_logger.cpp:21] 日志序号：31
[2025-12-29 00:33:49.298][INFO][test_logger.cpp:21] 日志序号：32
[2025-12-29 00:33:49.298][INFO][test_logger.cpp:21] 日志序号：33
[2025-12-29 00:33:49.298][INFO][test_logger.cpp:21] 日志序号：34
[2025-12-29 00:33:49.298][INFO][test_logger.cpp:21] 日志序号：35
[2025-12-29 00:33:49.298][INFO][test_logger.cpp:21] 日志序号：36
[2025-12-29 00:33:49.298][INFO][test_logger.cpp:21] 日志序号：37
[2025-12-29 00:33:49.298][INFO][test_logger.cpp:21] 日志序号：38
[2025-12-29 00:33:49.298][INFO][test_logger.cpp:21] 日志序号：39
[2025-12-29 00:33:49.298][INFO][test_logger.cpp:21] 日志序号：40
[2025-12-29 00:33:49.298][INFO][test_logger.cpp:21] 日志序号：41
[2025-12-29 00:33:49.298][INFO][test_logger.cpp:21] 日志序号：42
[2025-12-29 00:33:49.298][INFO][test_logger.cpp:21] 日志序号：43
[2025-12-29 00:33:49.298][INFO][test_logger.cpp:21] 日志序号：44
[2025-12-29 00:33:49.298][INFO][test_logger.cpp:21] 日志序号：45
[2025-12-29 00:33:49.298][INFO][test_logger.cpp:21] 日志序号：46
[2025-12-29 00:33:49.298][INFO][test_logger.cpp:21] 日志序号：47
[2025-12-29 00:33:49.298][INFO][test_logger.cpp:21] 日志序号：48
[2025-12-29 00:33:49.298][INFO][test_logger.cpp:21] 日志序号：49
[2025-12-29 00:33:49.298][INFO][test_logger.cpp:21] 日志序号：50
[2025-12-29 00:33:49.298][INFO][test_logger.cpp:21] 日志序号：51
[2025-12-29 00:33:49.298][INFO][test_logger.cpp:21] 日志序号：52
[2025-12-29 00:33:49.298][INFO][test_logger.cpp:21] 日志序号：53
[2025-12-29 00:33:49.298][INFO][test_logger.cpp:21] 日志序号：54
[2025-12-29 00:33:49.298][INFO][test_logger.cpp:21] 日志序号：55
[2025-12-29 00:33:49.298][INFO][test_logger.cpp:21] 日志序号：56
[2025-12-29 00:33:49.298][INFO][test_logger.cpp:21] 日志序号：57
[2025-12-29 00:33:49.298][INFO][test_logger.cpp:21] 日志序号：58
[2025-12-29 00:33:49.298][INFO][test_logger.cpp:21] 日志序号：59
[2025-12-29 00:33:49.298][INFO][test_logger.cpp:21] 日志序号：60
[2025-12-29 00:33:49.298][INFO][test_logger.cpp:21] 日志序号：61
[2025-12-29 00:33:49.298][INFO][test_logger.cpp:21] 日志序号：62
[2025-12-29 00:33:49.298][INFO][test_logger.cpp:21] 日志序号：63
[2025-12-29 00:33:49.298][INFO][test_logger.cpp:21] 日志序号：64
[2025-12-29 00:33:49.298][INFO][test_logger.cpp:21] 日志序号：65
[2025-12-29 00:33:49.298][INFO][test_logger.cpp:21] 日志序号：66
[2025-12-29 00:33:49.298][INFO][test_logger.cpp:21] 日志序号：67
[2025-12-29 00:33:49.298][INFO][test_logger.cpp:21] 日志序号：68
[2025-12-29 00:33:49.298][INFO][test_logger.cpp:21] 日志序号：69
[2025-12-29 00:33:49.298][INFO][test_logger.cpp:21] 日志序号：70
[2025-12-29 00:33:49.298][INFO][test_logger.cpp:21] 日志序号：71
[2025-12-29 00:33:49.298][INFO][test_logger.cpp:21] 日志序号：72
[2025-12-29 00:33:49.298][INFO][test_logger.cpp:21] 日志序号：73
[2025-12-29 00:33:49.298][INFO][test_logger.cpp:21] 日志序号：74
[2025-12-29 00:33:49.298][INFO][test_logger.cpp:21] 日志序号：75
[2025-12-29 00:33:49.298][INFO][test_logger.cpp:21] 日志序号：76
[2025-12-29 00:33:49.298][INFO][test_logger.cpp:21] 日志序号：77
[2025-12-29 00:33:49.298][INFO][test_logger.cpp:21] 日志序号：78
[2025-12-29 00:33:49.298][INFO][test_logger.cpp:21] 日志序号：79
[2025-12-29 00:33:49.298][INFO][test_logger.cpp:21] 日志序号：80
[2025-12-29 00:33:49.298][INFO][test_logger.cpp:21] 日志序号：81
[2025-12-29 00:33:49.298][INFO][test_logger.cpp:21] 日志序号：82
[2025-12-29 00:33:49.298][INFO][test_logger.cpp:21] 日志序号：83
[2025-12-29 00:33:49.298][INFO][test_logger.cpp:21] 日志序号：84
[2025-12-29 00:33:49.298][INFO][test_logger.cpp:21] 日志序号：85
[2025-12-29 00:33:49.298][INFO][test_logger.cpp:21] 日志序号：86
[2025-12-29 00:33:49.298][INFO][test_logger.cpp:21] 日志序号：87
[2025-12-29 00:33:49.298][INFO][test_logger.cpp:21] 日志序号：88
[2025-12-29 00:33:49.298][INFO][test_logger.cpp:21] 日志序号：89
[2025-12-29 00:33:49.298][INFO][test_logger.cpp:21] 日志序号：90
[2025-12-29 00:33:49.298][INFO][test_logger.cpp:21] 日志序号：91
[2025-12-29 00:33:49.298][INFO][test_logger.cpp:21] 日志序号：92
[2025-12-29 00:33:49.298][INFO][test_logger.cpp:21] 日志序号：93
[2025-12-29 00:33:49.298][INFO][test_logger.cpp:21] 日志序号：94
[2025-12-29 00:33:49.298][INFO][test_logger.cpp:21] 日志序号：95
[2025-12-29 00:33:49.298][INFO][test_logger.cpp:21] 日志序号：96
[2025-12-29 00:33:49.298][INFO][test_logger.cpp:21] 日志序号：97
[2025-12-29 00:33:49.298][INFO][test_logger.cpp:21] 日志序号：98
[2025-12-29 00:33:49.298][INFO][test_logger.cpp:21] 日志序号：99
[2025-12-29 00:33:49.298][INFO][test_logger.cpp:21] 日志序号：100
[2025-12-29 00:33:49.298][INFO][test_logger.cpp:21] 日志序号：101
[2025-12-29 00:33:49.298][INFO][test_logger.cpp:21] 日志序号：102
[2025-12-29 00:33:49.298][INFO][test_logger.cpp:21] 日志序号：103
[2025-12-29 00:33:49.298][INFO][test_logger.cpp:21] 日志序号：104
[2025-12-29 00:33:49.298][INFO][test_logger.cpp:21] 日志序号：105
[2025-12-29 00:33:49.298][INFO][test_logger.cpp:21] 日志序号：106
[2025-12-29 00:33:49.298][INFO][test_logger.cpp:21] 日志序号：107
[2025-12-29 00:33:49.298][INFO][test_logger.cpp:21] 日志序号：108
[2025-12-29 00:33:49.298][INFO][test_logger.cpp:21] 日志序号：109
[2025-12-29 00:33:49.298][INFO][test_logger.cpp:21] 日志序号：110
[2025-12-29 00:33:49.298][INFO][test_logger.cpp:21] 日志序号：111
[2025-12-29 00:33:49.298][INFO][test_logger.cpp:21] 日志序号：112
[2025-12-29 00:33:49.298][INFO][test_logger.cpp:21] 日志序号：113
[2025-12-29 00:33:49.298][INFO][test_logger.cpp:21] 日志序号：114
[2025-12-29 00:33:49.298][INFO][test_logger.cpp:21] 日志序号：115
[2025-12-29 00:33:49.298][INFO][test_logger.cpp:21] 日志序号：116
[2025-12-29 00:33:49.298][INFO][test_logger.cpp:21] 日志序号：117
[2025-12-29 00:33:49.298][INFO][test_logger.cpp:21] 日志序号：118
[2025-12-29 00:33:49.298][INFO][test_logger.cpp:21] 日志序号：119
[2025-12-29 00:33:49.298][INFO][test_logger.cpp:21] 日志序号：120
[2025-12-29 00:33:49.298][INFO][test_logger.cpp:21] 日志序号：121
[2025-12-29 00:33:49.298][INFO][test_logger.cpp:21] 日志序号：122
[2025-12-29 00:33:49.298][INFO][test_logger.cpp:21] 日志序号：123
[2025-12-29 00:33:49.298][INFO][test_logger.cpp:21] 日志序号：124
[2025-12-29 00:33:49.298][INFO][test_logger.cpp:21] 日志序号：125
[2025-12-29 00:33:49.298][INFO][test_logger.cpp:21] 日志序号：126
[2025-12-29 00:33:49.298][INFO][test_logger.cpp:21] 日志序号：127
[2025-12-29 00:33:49.298][INFO][test_logger.cpp:21] 日志序号：128
[2025-12-29 00:33:49.298][INFO][test_logger.cpp:21] 日志序号：129
[2025-12-29 00:33:49.298][INFO][test_logger.cpp:21] 日志序号：130
[2025-12-29 00:33:49.298][INFO][test_logger.cpp:21] 日志序号：131
[2025-12-29 00:33:49.298][INFO][test_logger.cpp:21] 日志序号：132
[2025-12-29 00:33:49.298][INFO][test_logger.cpp:21] 日志序号：133
[2025-12-29 00:33:49.298][INFO][test_logger.cpp:21] 日志序号：134
[2025-12-29 00:33:49.298][INFO][test_logger.cpp:21] 日志序号：135
[2025-12-29 00:33:49.298][INFO][test_logger.cpp:21] 日志序号：136
[2025-12-29 00:33:49.298][INFO][test_logger.cpp:21] 日志序号：137
[2025-12-29 00:33:49.298][INFO][test_logger.cpp:21] 日志序号：138
[2025-12-29 00:33:49.298][INFO][test_logger.cpp:21] 日志序号：139
[2025-12-29 00:33:49.298][INFO][test_logger.cpp:21] 日志序号：140
[2025-12-29 00:33:49.298][INFO][test_logger.cpp:21] 日志序号：141
[2025-12-29 00:33:49.298][INFO][test_logger.cpp:21] 日志序号：142
[2025-12-29 00:33:49.298][INFO][test_logger.cpp:21] 日志序号：143
[2025-12-29 00:33:49.298][INFO][test_logger.cpp:21] 日志序号：144
[2025-12-29 00:33:49.298][INFO][test_logger.cpp:21] 日志序号：145
[2025-12-29 00:33:49.298][INFO][test_logger.cpp:21] 日志序号：146
[2025-12-29 00:33:49.298][INFO][test_logger.cpp:21] 日志序号：147
[2025-12-29 00:33:49.298][INFO][test_logger.cpp:21] 日志序号：148
[2025-12-29 00:33:49.298][INFO][test_logger.cpp:21] 日志序号：149
[2025-12-29 00:33:49.298][INFO][test_logger.cpp:21] 日志序号：150
[2025-12-29 00:33:49.298][INFO][test_logger.cpp:21] 日志序号：151
[2025-12-29 00:33:49.298][INFO][test_logger.cpp:21] 日志序号：152
[2025-12-29 00:33:49.298][INFO][test_logger.cpp:21] 日志序号：153
[2025-12-29 00:33:49.298][INFO][test_logger.cpp:21] 日志序号：154
[2025-12-29 00:33:49.298][INFO][test_logger.cpp:21] 日志序号：155
[2025-12-29 00:33:49.298][INFO][test_logger.cpp:21] 日志序号：156
[2025-12-29 00:33:49.298][INFO][test_logger.cpp:21] 日志序号：157
[2025-12-29 00:33:49.298][INFO][test_logger.cpp:21] 日志序号：158
[2025-12-29 00:33:49.298][INFO][test_logger.cpp:21] 日志序号：159
[2025-12-29 00:33:49.298][INFO][test_logger.cpp:21] 日志序号：160
[2025-12-29 00:33:49.298][INFO][test_logger.cpp:21] 日志序号：161
[2025-12-29 00:33:49.298][INFO][test_logger.cpp:21] 日志序号：162
[2025-12-29 00:33:49.298][INFO][test_logger.cpp:21] 日志序号：163
[2025-12-29 00:33:49.298][INFO][test_logger.cpp:21] 日志序号：164
[2025-12-29 00:33:49.298][INFO][test_logger.cpp:21] 日志序号：165
[2025-12-29 00:33:49.298][INFO][test_logger.cpp:21] 日志序号：166
[2025-12-29 00:33:49.298][INFO][test_logger.cpp:21] 日志序号：167
[2025-12-29 00:33:49.298][INFO][test_logger.cpp:21] 日志序号：168
[2025-12-29 00:33:49.298][INFO][test_logger.cpp:21] 日志序号：169
[2025-12-29 00:33:49.298][INFO][test_logger.cpp:21] 日志序号：170
[2025-12-29 00:33:49.298][INFO][test_logger.cpp:21] 日志序号：171
[2025-12-29 00:33:49.298][INFO][test_logger.cpp:21] 日志序号：172
[2025-12-29 00:33:49.298][INFO][test_logger.cpp:21] 日志序号：173
[2025-12-29 00:33:49.298][INFO][test_logger.cpp:21] 日志序号：174
[2025-12-29 00:33:49.298][INFO][test_logger.cpp:21] 日志序号：175
[2025-12-29 00:33:49.298][INFO][test_logger.cpp:21] 日志序号：176
[2025-12-29 00:33:49.298][INFO][test_logger.cpp:21] 日志序号：177
[2025-12-29 00:33:49.298][INFO][test_logger.cpp:21] 日志序号：178
[2025-12-29 00:33:49.298][INFO][test_logger.cpp:21] 日志序号：179
[2025-12-29 00:33:49.298][INFO][test_logger.cpp:21] 日志序号：180
[2025-12-29 00:33:49.298][INFO][test_logger.cpp:21] 日志序号：181
[2025-12-29 00:33:49.298][INFO][test_logger.cpp:21] 日志序号：182
[2025-12-29 00:33:49.298][INFO][test_logger.cpp:21] 日志序号：183
[2025-12-29 00:33:49.298][INFO][test_logger.cpp:21] 日志序号：184
[2025-12-29 00:33:49.298][INFO][test_logger.cpp:21] 日志序号：185
[2025-12-29 00:33:49.298][INFO][test_logger.cpp:21] 日志序号：186
[2025-12-29 00:33:49.298][INFO][test_logger.cpp:21] 日志序号：187
[2025-12-29 00:33:49.298][INFO][test_logger.cpp:21] 日志序号：188
[2025-12-29 00:33:49.298][INFO][test_logger.cpp:21] 日志序号：189
[2025-12-29 00:33:49.298][INFO][test_logger.cpp:21] 日志序号：190
[2025-12-29 00:33:49.298][INFO][test_logger.cpp:21] 日志序号：191
[2025-12-29 00:33:49.298][INFO][test_logger.cpp:21] 日志序号：192
[2025-12-29 00:33:49.298][INFO][test_logger.cpp:21] 日志序号：193
[2025-12-29 00:33:49.298][INFO][test_logger.cpp:21] 日志序号：194
[2025-12-29 00:33:49.298][INFO][test_logger.cpp:21] 日志序号：195
[2025-12-29 00:33:49.298][INFO][test_logger.cpp:21] 日志序号：196
[2025-12-29 00:33:49.298][INFO][test_logger.cpp:21] 日志序号：197
[2025-12-29 00:33:49.298][INFO][test_logger.cpp:21] 日志序号：198
[2025-12-29 00:33:49.298][INFO][test_logger.cpp:21] 日志序号：199
[2025-12-29 00:33:49.298][INFO][test_logger.cpp:21] 日志序号：200
[2025-12-29 00:33:49.298][INFO][test_logger.cpp:21] 日志序号：201
[2025-12-29 00:33:49.298][INFO][test_logger.cpp:21] 日志序号：202
[2025-12-29 00:33:49.298][INFO][test_logger.cpp:21] 日志序号：203
[2025-12-29 00:33:49.298][INFO][test_logger.cpp:21] 日志序号：204
[2025-12-29 00:33:49.298][INFO][test_logger.cpp:21] 日志序号：205
[2025-12-29 00:33:49.298][INFO][test_logger.cpp:21] 日志序号：206
[2025-12-29 00:33:49.298][INFO][test_logger.cpp:21] 日志序号：207
[2025-12-29 00:33:49.298][INFO][test_logger.cpp:21] 日志序号：208
[2025-12-29 00:33:49.298][INFO][test_logger.cpp:21] 日志序号：209
[2025-12-29 00:33:49.298][INFO][test_logger.cpp:21] 日志序号：210
[2025-12-29 00:33:49.298][INFO][test_logger.cpp:21] 日志序号：211
[2025-12-29 00:33:49.298][INFO][test_logger.cpp:21] 日志序号：212
[2025-12-29 00:33:49.298][INFO][test_logger.cpp:21] 日志序号：213
[2025-12-29 00:33:49.298][INFO][test_logger.cpp:21] 日志序号：214
[2025-12-29 00:33:49.298][INFO][test_logger.cpp:21] 日志序号：215
[2025-12-29 00:33:49.298][INFO][test_logger.cpp:21] 日志序号：216
[2025-12-29 00:33:49.298][INFO][test_logger.cpp:21] 日志序号：217
[2025-12-29 00:33:49.298][INFO][test_logger.cpp:21] 日志序号：218
[2025-12-29 00:33:49.298][INFO][test_logger.cpp:21] 日志序号：219
[2025-12-29 00:33:49.298][INFO][test_logger.cpp:21] 日志序号：220
[2025-12-29 00:33:49.298][INFO][test_logger.cpp:21] 日志序号：221
[2025-12-29 00:33:49.298][INFO][test_logger.cpp:21] 日志序号：222
[2025-12-29 00:33:49.298][INFO][test_logger.cpp:21] 日志序号：223
[2025-12-29 00:33:49.298][INFO][test_logger.cpp:21] 日志序号：224
[2025-12-29 00:33:49.298][INFO][test_logger.cpp:21] 日志序号：225
[2025-12-29 00:33:49.298][INFO][test_logger.cpp:21] 日志序号：226
[2025-12-29 00:33:49.298][INFO][test_logger.cpp:21] 日志序号：227
[2025-12-29 00:33:49.298][INFO][test_logger.cpp:21] 日志序号：228
[2025-12-29 00:33:49.298][INFO][test_logger.cpp:21] 日志序号：229
[2025-12-29 00:33:49.298][INFO][test_logger.cpp:21] 日志序号：230
[2025-12-29 00:33:49.298][INFO][test_logger.cpp:21] 日志序号：231
[2025-12-29 00:33:49.298][INFO][test_logger.cpp:21] 日志序号：232
[2025-12-29 00:33:49.298][INFO][test_logger.cpp:21] 日志序号：233
[2025-12-29 00:33:49.298][INFO][test_logger.cpp:21] 日志序号：234
[2025-12-29 00:33:49.298][INFO][test_logger.cpp:21] 日志序号：235
[2025-12-29 00:33:49.298][INFO][test_logger.cpp:21] 日志序号：236
[2025-12-29 00:33:49.298][INFO][test_logger.cpp:21] 日志序号：237
[2025-12-29 00:33:49.298][INFO][test_logger.cpp:21] 日志序号：238
[2025-12-29 00:33:49.298][INFO][test_logger.cpp:21] 日志序号：239
[2025-12-29 00:33:49.298][INFO][test_logger.cpp:21] 日志序号：240
[2025-12-29 00:33:49.298][INFO][test_logger.cpp:21] 日志序号：241
[2025-12-29 00:33:49.298][INFO][test_logger.cpp:21] 日志序号：242
[2025-12-29 00:33:49.298][INFO][test_logger.cpp:21] 日志序号：243
[2025-12-29 00:33:49.298][INFO][test_logger.cpp:21] 日志序号：244
[2025-12-29 00:33:49.298][INFO][test_logger.cpp:21] 日志序号：245
[2025-12-29 00:33:49.298][INFO][test_logger.cpp:21] 日志序号：246
[2025-12-29 00:33:49.298][INFO][test_logger.cpp:21] 日志序号：247
[2025-12-29 00:33:49.298][INFO][test_logger.cpp:21] 日志序号：248
[2025-12-29 00:33:49.298][INFO][test_logger.cpp:21] 日志序号：249
[2025-12-29 00:33:49.298][INFO][test_logger.cpp:21] 日志序号：250
[2025-12-29 00:33:49.298][INFO][test_logger.cpp:21] 日志序号：251
[2025-12-29 00:33:49.298][INFO][test_logger.cpp:21] 日志序号：252
[2025-12-29 00:33:49.298][INFO][test_logger.cpp:21] 日志序号：253
[2025-12-29 00:33:49.298][INFO][test_logger.cpp:21] 日志序号：254
[2025-12-29 00:33:49.298][INFO][test_logger.cpp:21] 日志序号：255
[2025-12-29 00:33:49.298][INFO][test_logger.cpp:21] 日志序号：256
[2025-12-29 00:33:49.298][INFO][test_logger.cpp:21] 日志序号：257
[2025-12-29 00:33:49.298][INFO][test_logger.cpp:21] 日志序号：258
[2025-12-29 00:33:49.298][INFO][test_logger.cpp:21] 日志序号：259
[2025-12-29 00:33:49.298][INFO][test_logger.cpp:21] 日志序号：260
[2025-12-29 00:33:49.298][INFO][test_logger.cpp:21] 日志序号：261
[2025-12-29 00:33:49.298][INFO][test_logger.cpp:21] 日志序号：262
[2025-12-29 00:33:49.298][INFO][test_logger.cpp:21] 日志序号：263
[2025-12-29 00:33:49.298][INFO][test_logger.cpp:21] 日志序号：264
[2025-12-29 00:33:49.298][INFO][test_logger.cpp:21] 日志序号：265
[2025-12-29 00:33:49.298][INFO][test_logger.cpp:21] 日志序号：266
[2025-12-29 00:33:49.298][INFO][test_logger.cpp:21] 日志序号：267
[2025-12-29 00:33:49.298][INFO][test_logger.cpp:21] 日志序号：268
[2025-12-29 00:33:49.298][INFO][test_logger.cpp:21] 日志序号：269
[2025-12-29 00:33:49.298][INFO][test_logger.cpp:21] 日志序号：270
[2025-12-29 00:33:49.298][INFO][test_logger.cpp:21] 日志序号：271
[2025-12-29 00:33:49.298][INFO][test_logger.cpp:21] 日志序号：272
[2025-12-29 00:33:49.298][INFO][test_logger.cpp:21] 日志序号：273
[2025-12-29 00:33:49.298][INFO][test_logger.cpp:21] 日志序号：274
[2025-12-29 00:33:49.298][INFO][test_logger.cpp:21] 日志序号：275
[2025-12-29 00:33:49.298][INFO][test_logger.cpp:21] 日志序号：276
[2025-12-29 00:33:49.298][INFO][test_logger.cpp:21] 日志序号：277
[2025-12-29 00:33:49.298][INFO][test_logger.cpp:21] 日志序号：278
[2025-12-29 00:33:49.298][INFO][test_logger.cpp:21] 日志序号：279
[2025-12-29 00:33:49.298][INFO][test_logger.cpp:21] 日志序号：280
[2025-12-29 00:33:49.298][INFO][test_logger.cpp:21] 日志序号：281
[2025-12-29 00:33:49.298][INFO][test_logger.cpp:21] 日志序号：282
[2025-12-29 00:33:49.298][INFO][test_logger.cpp:21] 日志序号：283
[2025-12-29 00:33:49.298][INFO][test_logger.cpp:21] 日志序号：284
[2025-12-29 00:33:49.298][INFO][test_logger.cpp:21] 日志序号：285
[2025-12-29 00:33:49.298][INFO][test_logger.cpp:21] 日志序号：286
[2025-12-29 00:33:49.298][INFO][test_logger.cpp:21] 日志序号：287
[2025-12-29 00:33:49.298][INFO][test_logger.cpp:21] 日志序号：288
[2025-12-29 00:33:49.298][INFO][test_logger.cpp:21] 日志序号：289
[2025-12-29 00:33:49.298][INFO][test_logger.cpp:21] 日志序号：290
[2025-12-29 00:33:49.298][INFO][test_logger.cpp:21] 日志序号：291
[2025-12-29 00:33:49.298][INFO][test_logger.cpp:21] 日志序号：292
[2025-12-29 00:33:49.298][INFO][test_logger.cpp:21] 日志序号：293
[2025-12-29 00:33:49.298][INFO][test_logger.cpp:21] 日志序号：294
[2025-12-29 00:33:49.298][INFO][test_logger.cpp:21] 日志序号：295
[2025-12-29 00:33:49.298][INFO][test_logger.cpp:21] 日志序号：296
[2025-12-29 00:33:49.298][INFO][test_logger.cpp:21] 日志序号：297
[2025-12-29 00:33:49.298][INFO][test_logger.cpp:21] 日志序号：298
[2025-12-29 00:33:49.298][INFO][test_logger.cpp:21] 日志序号：299
[2025-12-29 00:33:49.298][INFO][test_logger.cpp:21] 日志序号：300
[2025-12-29 00:33:49.298][INFO][test_logger.cpp:21] 日志序号：301
[2025-12-29 00:33:49.298][INFO][test_logger.cpp:21] 日志序号：302
[2025-12-29 00:33:49.298][INFO][test_logger.cpp:21] 日志序号：303
[2025-12-29 00:33:49.298][INFO][test_logger.cpp:21] 日志序号：304
[2025-12-29 00:33:49.298][INFO][test_logger.cpp:21] 日志序号：305
[2025-12-29 00:33:49.298][INFO][test_logger.cpp:21] 日志序号：306
[2025-12-29 00:33:49.298][INFO][test_logger.cpp:21] 日志序号：307
[2025-12-29 00:33:49.298][INFO][test_logger.cpp:21] 日志序号：308
[2025-12-29 00:33:49.298][INFO][test_logger.cpp:21] 日志序号：309
[2025-12-29 00:33:49.298][INFO][test_logger.cpp:21] 日志序号：310
[2025-12-29 00:33:49.298][INFO][test_logger.cpp:21] 日志序号：311
[2025-12-29 00:33:49.298][INFO][test_logger.cpp:21] 日志序号：312
[2025-12-29 00:33:49.298][INFO][test_logger.cpp:21] 日志序号：313
[2025-12-29 00:33:49.298][INFO][test_logger.cpp:21] 日志序号：314
[2025-12-29 00:33:49.298][INFO][test_logger.cpp:21] 日志序号：315
[2025-12-29 00:33:49.298][INFO][test_logger.cpp:21] 日志序号：316
[2025-12-29 00:33:49.298][INFO][test_logger.cpp:21] 日志序号：317
[2025-12-29 00:33:49.298][INFO][test_logger.cpp:21] 日志序号：318
[2025-12-29 00:33:49.298][INFO][test_logger.cpp:21] 日志序号：319
[2025-12-29 00:33:49.298][INFO][test_logger.cpp:21] 日志序号：320
[2025-12-29 00:33:49.298][INFO][test_logger.cpp:21] 日志序号：321
[2025-12-29 00:33:49.298][INFO][test_logger.cpp:21] 日志序号：322
[2025-12-29 00:33:49.298][INFO][test_logger.cpp:21] 日志序号：323
[2025-12-29 00:33:49.298][INFO][test_logger.cpp:21] 日志序号：324
[2025-12-29 00:33:49.298][INFO][test_logger.cpp:21] 日志序号：325
[2025-12-29 00:33:49.298][INFO][test_logger.cpp:21] 日志序号：326
[2025-12-29 00:33:49.298][INFO][test_logger.cpp:21] 日志序号：327
[2025-12-29 00:33:49.298][INFO][test_logger.cpp:21] 日志序号：328
[2025-12-29 00:33:49.298][INFO][test_logger.cpp:21] 日志序号：329
[2025-12-29 00:33:49.298][INFO][test_logger.cpp:21] 日志序号：330
[2025-12-29 00:33:49.298][INFO][test_logger.cpp:21] 日志序号：331
[2025-12-29 00:33:49.298][INFO][test_logger.cpp:21] 日志序号：332
[2025-12-29 00:33:49.298][INFO][test_logger.cpp:21] 日志序号：333
[2025-12-29 00:33:49.298][INFO][test_logger.cpp:21] 日志序号：334
[2025-12-29 00:33:49.298][INFO][test_logger.cpp:21] 日志序号：335
[2025-12-29 00:33:49.298][INFO][test_logger.cpp:21] 日志序号：336
[2025-12-29 00:33:49.298][INFO][test_logger.cpp:21] 日志序号：337
[2025-12-29 00:33:49.298][INFO][test_logger.cpp:21] 日志序号：338
[2025-12-29 00:33:49.298][INFO][test_logger.cpp:21] 日志序号：339
[2025-12-29 00:33:49.298][INFO][test_logger.cpp:21] 日志序号：340
[2025-12-29 00:33:49.299][INFO][test_logger.cpp:21] 日志序号：341
[2025-12-29 00:33:49.299][INFO][test_logger.cpp:21] 日志序号：342
[2025-12-29 00:33:49.299][INFO][test_logger.cpp:21] 日志序号：343
[2025-12-29 00:33:49.299][INFO][test_logger.cpp:21] 日志序号：344
[2025-12-29 00:33:49.299][INFO][test_logger.cpp:21] 日志序号：345
[2025-12-29 00:33:49.299][INFO][test_logger.cpp:21] 日志序号：346
[2025-12-29 00:33:49.299][INFO][test_logger.cpp:21] 日志序号：347
[2025-12-29 00:33:49.299][INFO][test_logger.cpp:21] 日志序号：348
[2025-12-29 00:33:49.299][INFO][test_logger.cpp:21] 日志序号：349
[2025-12-29 00:33:49.299][INFO][test_logger.cpp:21] 日志序号：350
[2025-12-29 00:33:49.299][INFO][test_logger.cpp:21] 日志序号：351
[2025-12-29 00:33:49.299][INFO][test_logger.cpp:21] 日志序号：352
[2025-12-29 00:33:49.299][INFO][test_logger.cpp:21] 日志序号：353
[2025-12-29 00:33:49.299][INFO][test_logger.cpp:21] 日志序号：354
[2025-12-29 00:33:49.299][INFO][test_logger.cpp:21] 日志序号：355
[2025-12-29 00:33:49.299][INFO][test_logger.cpp:21] 日志序号：356
[2025-12-29 00:33:49.299][INFO][test_logger.cpp:21] 日志序号：357
[2025-12-29 00:33:49.299][INFO][test_logger.cpp:21] 日志序号：358
[2025-12-29 00:33:49.299][INFO][test_logger.cpp:21] 日志序号：359
[2025-12-29 00:33:49.299][INFO][test_logger.cpp:21] 日志序号：360
[2025-12-29 00:33:49.299][INFO][test_logger.cpp:21] 日志序号：361
[2025-12-29 00:33:49.299][INFO][test_logger.cpp:21] 日志序号：362
[2025-12-29 00:33:49.299][INFO][test_logger.cpp:21] 日志序号：363
[2025-12-29 00:33:49.299][INFO][test_logger.cpp:21] 日志序号：364
[2025-12-29 00:33:49.299][INFO][test_logger.cpp:21] 日志序号：365
[2025-12-29 00:33:49.299][INFO][test_logger.cpp:21] 日志序号：366
[2025-12-29 00:33:49.299][INFO][test_logger.cpp:21] 日志序号：367
[2025-12-29 00:33:49.299][INFO][test_logger.cpp:21] 日志序号：368
[2025-12-29 00:33:49.299][INFO][test_logger.cpp:21] 日志序号：369
[2025-12-29 00:33:49.299][INFO][test_logger.cpp:21] 日志序号：370
[2025-12-29 00:33:49.299][INFO][test_logger.cpp:21] 日志序号：371
[2025-12-29 00:33:49.299][INFO][test_logger.cpp:21] 日志序号：372
[2025-12-29 00:33:49.299][INFO][test_logger.cpp:21] 日志序号：373
[2025-12-29 00:33:49.299][INFO][test_logger.cpp:21] 日志序号：374
[2025-12-29 00:33:49.299][INFO][test_logger.cpp:21] 日志序号：375
[2025-12-29 00:33:49.299][INFO][test_logger.cpp:21] 日志序号：376
[2025-12-29 00:33:49.299][INFO][test_logger.cpp:21] 日志序号：377
[2025-12-29 00:33:49.299][INFO][test_logger.cpp:21] 日志序号：378
[2025-12-29 00:33:49.299][INFO][test_logger.cpp:21] 日志序号：379
[2025-12-29 00:33:49.299][INFO][test_logger.cpp:21] 日志序号：380
[2025-12-29 00:33:49.299][INFO][test_logger.cpp:21] 日志序号：381
[2025-12-29 00:33:49.299][INFO][test_logger.cpp:21] 日志序号：382
[2025-12-29 00:33:49.299][INFO][test_logger.cpp:21] 日志序号：383
[2025-12-29 00:33:49.299][INFO][test_logger.cpp:21] 日志序号：384
[2025-12-29 00:33:49.299][INFO][test_logger.cpp:21] 日志序号：385
[2025-12-29 00:33:49.299][INFO][test_logger.cpp:21] 日志序号：386
[2025-12-29 00:33:49.299][INFO][test_logger.cpp:21] 日志序号：387
[2025-12-29 00:33:49.299][INFO][test_logger.cpp:21] 日志序号：388
[2025-12-29 00:33:49.299][INFO][test_logger.cpp:21] 日志序号：389
[2025-12-29 00:33:49.299][INFO][test_logger.cpp:21] 日志序号：390
[2025-12-29 00:33:49.299][INFO][test_logger.cpp:21] 日志序号：391
[2025-12-29 00:33:49.299][INFO][test_logger.cpp:21] 日志序号：392
[2025-12-29 00:33:49.299][INFO][test_logger.cpp:21] 日志序号：393
[2025-12-29 00:33:49.299][INFO][test_logger.cpp:21] 日志序号：394
[2025-12-29 00:33:49.299][INFO][test_logger.cpp:21] 日志序号：395
[2025-12-29 00:33:49.299][INFO][test_logger.cpp:21] 日志序号：396
[2025-12-29 00:33:49.299][INFO][test_logger.cpp:21] 日志序号：397
[2025-12-29 00:33:49.299][INFO][test_logger.cpp:21] 日志序号：398
[2025-12-29 00:33:49.299][INFO][test_logger.cpp:21] 日志序号：399
[2025-12-29 00:33:49.299][INFO][test_logger.cpp:21] 日志序号：400
[2025-12-29 00:33:49.299][INFO][test_logger.cpp:21] 日志序号：401
[2025-12-29 00:33:49.299][INFO][test_logger.cpp:21] 日志序号：402
[2025-12-29 00:33:49.299][INFO][test_logger.cpp:21] 日志序号：403
[2025-12-29 00:33:49.299][INFO][test_logger.cpp:21] 日志序号：404
[2025-12-29 00:33:49.299][INFO][test_logger.cpp:21] 日志序号：405
[2025-12-29 00:33:49.299][INFO][test_logger.cpp:21] 日志序号：406
[2025-12-29 00:33:49.299][INFO][test_logger.cpp:21] 日志序号：407
[2025-12-29 00:33:49.299][INFO][test_logger.cpp:21] 日志序号：408
[2025-12-29 00:33:49.299][INFO][test_logger.cpp:21] 日志序号：409
[2025-12-29 00:33:49.299][INFO][test_logger.cpp:21] 日志序号：410
[2025-12-29 00:33:49.299][INFO][test_logger.cpp:21] 日志序号：411
[2025-12-29 00:33:49.299][INFO][test_logger.cpp:21] 日志序号：412
[2025-12-29 00:33:49.299][INFO][test_logger.cpp:21] 日志序号：413
[2025-12-29 00:33:49.299][INFO][test_logger.cpp:21] 日志序号：414
[2025-12-29 00:33:49.299][INFO][test_logger.cpp:21] 日志序号：415
[2025-12-29 00:33:49.299][INFO][test_logger.cpp:21] 日志序号：416
[2025-12-29 00:33:49.299][INFO][test_logger.cpp:21] 日志序号：417
[2025-12-29 00:33:49.299][INFO][test_logger.cpp:21] 日志序号：418
[2025-12-29 00:33:49.299][INFO][test_logger.cpp:21] 日志序号：419
[2025-12-29 00:33:49.299][INFO][test_logger.cpp:21] 日志序号：420
[2025-12-29 00:33:49.299][INFO][test_logger.cpp:21] 日志序号：421
[2025-12-29 00:33:49.299][INFO][test_logger.cpp:21] 日志序号：422
[2025-12-29 00:33:49.299][INFO][test_logger.cpp:21] 日志序号：423
[2025-12-29 00:33:49.299][INFO][test_logger.cpp:21] 日志序号：424
[2025-12-29 00:33:49.299][INFO][test_logger.cpp:21] 日志序号：425
[2025-12-29 00:33:49.299][INFO][test_logger.cpp:21] 日志序号：426
[2025-12-29 00:33:49.299][INFO][test_logger.cpp:21] 日志序号：427
[2025-12-29 00:33:49.299][INFO][test_logger.cpp:21] 日志序号：428
[2025-12-29 00:33:49.299][INFO][test_logger.cpp:21] 日志序号：429
[2025-12-29 00:33:49.299][INFO][test_logger.cpp:21] 日志序号：430
[2025-12-29 00:33:49.299][INFO][test_logger.cpp:21] 日志序号：431
[2025-12-29 00:33:49.299][INFO][test_logger.cpp:21] 日志序号：432
[2025-12-29 00:33:49.299][INFO][test_logger.cpp:21] 日志序号：433
[2025-12-29 00:33:49.299][INFO][test_logger.cpp:21] 日志序号：434
[2025-12-29 00:33:49.299][INFO][test_logger.cpp:21] 日志序号：435
[2025-12-29 00:33:49.299][INFO][test_logger.cpp:21] 日志序号：436
[2025-12-29 00:33:49.299][INFO][test_logger.cpp:21] 日志序号：437
[2025-12-29 00:33:49.299][INFO][test_logger.cpp:21] 日志序号：438
[2025-12-29 00:33:49.299][INFO][test_logger.cpp:21] 日志序号：439
[2025-12-29 00:33:49.299][INFO][test_logger.cpp:21] 日志序号：440
[2025-12-29 00:33:49.299][INFO][test_logger.cpp:21] 日志序号：441
[2025-12-29 00:33:49.299][INFO][test_logger.cpp:21] 日志序号：442
[2025-12-29 00:33:49.299][INFO][test_logger.cpp:21] 日志序号：443
[2025-12-29 00:33:49.299][INFO][test_logger.cpp:21] 日志序号：444
[2025-12-29 00:33:49.299][INFO][test_logger.cpp:21] 日志序号：445
[2025-12-29 00:33:49.299][INFO][test_logger.cpp:21] 日志序号：446
[2025-12-29 00:33:49.299][INFO][test_logger.cpp:21] 日志序号：447
[2025-12-29 00:33:49.299][INFO][test_logger.cpp:21] 日志序号：448
[2025-12-29 00:33:49.299][INFO][test_logger.cpp:21] 日志序号：449
[2025-12-29 00:33:49.299][INFO][test_logger.cpp:21] 日志序号：450
[2025-12-29 00:33:49.299][INFO][test_logger.cpp:21] 日志序号：451
[2025-12-29 00:33:49.299][INFO][test_logger.cpp:21] 日志序号：452
[2025-12-29 00:33:49.299][INFO][test_logger.cpp:21] 日志序号：453
[2025-12-29 00:33:49.299][INFO][test_logger.cpp:21] 日志序号：454
[2025-12-29 00:33:49.299][INFO][test_logger.cpp:21] 日志序号：455
[2025-12-29 00:33:49.299][INFO][test_logger.cpp:21] 日志序号：456
[2025-12-29 00:33:49.299][INFO][test_logger.cpp:21] 日志序号：457
[2025-12-29 00:33:49.299][INFO][test_logger.cpp:21] 日志序号：458
[2025-12-29 00:33:49.299][INFO][test_logger.cpp:21] 日志序号：459
[2025-12-29 00:33:49.299][INFO][test_logger.cpp:21] 日志序号：460
[2025-12-29 00:33:49.299][INFO][test_logger.cpp:21] 日志序号：461
[2025-12-29 00:33:49.299][INFO][test_logger.cpp:21] 日志序号：462
[2025-12-29 00:33:49.299][INFO][test_logger.cpp:21] 日志序号：463
[2025-12-29 00:33:49.299][INFO][test_logger.cpp:21] 日志序号：464
[2025-12-29 00:33:49.299][INFO][test_logger.cpp:21] 日志序号：465
[2025-12-29 00:33:49.299][INFO][test_logger.cpp:21] 日志序号：466
[2025-12-29 00:33:49.299][INFO][test_logger.cpp:21] 日志序号：467
[2025-12-29 00:33:49.299][INFO][test_logger.cpp:21] 日志序号：468
[2025-12-29 00:33:49.299][INFO][test_logger.cpp:21] 日志序号：469
[2025-12-29 00:33:49.299][INFO][test_logger.cpp:21] 日志序号：470
[2025-12-29 00:33:49.299][INFO][test_logger.cpp:21] 日志序号：471
[2025-12-29 00:33:49.299][INFO][test_logger.cpp:21] 日志序号：472
[2025-12-29 00:33:49.299][INFO][test_logger.cpp:21] 日志序号：473
[2025-12-29 00:33:49.299][INFO][test_logger.cpp:21] 日志序号：474
[2025-12-29 00:33:49.299][INFO][test_logger.cpp:21] 日志序号：475
[2025-12-29 00:33:49.299][INFO][test_logger.cpp:21] 日志序号：476
[2025-12-29 00:33:49.299][INFO][test_logger.cpp:21] 日志序号：477
[2025-12-29 00:33:49.299][INFO][test_logger.cpp:21] 日志序号：478
[2025-12-29 00:33:49.299][INFO][test_logger.cpp:21] 日志序号：479
[2025-12-29 00:33:49.299][INFO][test_logger.cpp:21] 日志序号：480
[2025-12-29 00:33:49.299][INFO][test_logger.cpp:21] 日志序号：481
[2025-12-29 00:33:49.299][INFO][test_logger.cpp:21] 日志序号：482
[2025-12-29 00:33:49.299][INFO][test_logger.cpp:21] 日志序号：483
[2025-12-29 00:33:49.299][INFO][test_logger.cpp:21] 日志序号：484
[2025-12-29 00:33:49.299][INFO][test_logger.cpp:21] 日志序号：485
[2025-12-29 00:33:49.299][INFO][test_logger.cpp:21] 日志序号：486
[2025-12-29 00:33:49.299][INFO][test_logger.cpp:21] 日志序号：487
[2025-12-29 00:33:49.299][INFO][test_logger.cpp:21] 日志序号：488
[2025-12-29 00:33:49.299][INFO][test_logger.cpp:21] 日志序号：489
[2025-12-29 00:33:49.299][INFO][test_logger.cpp:21] 日志序号：490
[2025-12-29 00:33:49.299][INFO][test_logger.cpp:21] 日志序号：491
[2025-12-29 00:33:49.299][INFO][test_logger.cpp:21] 日志序号：492
[2025-12-29 00:33:49.299][INFO][test_logger.cpp:21] 日志序号：493
[2025-12-29 00:33:49.299][INFO][test_logger.cpp:21] 日志序号：494
[2025-12-29 00:33:49.299][INFO][test_logger.cpp:21] 日志序号：495
[2025-12-29 00:33:49.299][INFO][test_logger.cpp:21] 日志序号：496
[2025-12-29 00:33:49.299][INFO][test_logger.cpp:21] 日志序号：497
[2025-12-29 00:33:49.299][INFO][test_logger.cpp:21] 日志序号：498
[2025-12-29 00:33:49.299][INFO][test_logger.cpp:21] 日志序号：499
[2025-12-29 00:33:49.299][INFO][test_logger.cpp:21] 日志序号：500
[2025-12-29 00:33:49.299][INFO][test_logger.cpp:21] 日志序号：501
[2025-12-29 00:33:49.299][INFO][test_logger.cpp:21] 日志序号：502
[2025-12-29 00:33:49.299][INFO][test_logger.cpp:21] 日志序号：503
[2025-12-29 00:33:49.299][INFO][test_logger.cpp:21] 日志序号：504
[2025-12-29 00:33:49.299][INFO][test_logger.cpp:21] 日志序号：505
[2025-12-29 00:33:49.299][INFO][test_logger.cpp:21] 日志序号：506
[2025-12-29 00:33:49.299][INFO][test_logger.cpp:21] 日志序号：507
[2025-12-29 00:33:49.299][INFO][test_logger.cpp:21] 日志序号：508
[2025-12-29 00:33:49.299][INFO][test_logger.cpp:21] 日志序号：509
[2025-12-29 00:33:49.299][INFO][test_logger.cpp:21] 日志序号：510
[2025-12-29 00:33:49.299][INFO][test_logger.cpp:21] 日志序号：511
[2025-12-29 00:33:49.299][INFO][test_logger.cpp:21] 日志序号：512
[2025-12-29 00:33:49.299][INFO][test_logger.cpp:21] 日志序号：513
[2025-12-29 00:33:49.299][INFO][test_logger.cpp:21] 日志序号：514
[2025-12-29 00:33:49.299][INFO][test_logger.cpp:21] 日志序号：515
[2025-12-29 00:33:49.299][INFO][test_logger.cpp:21] 日志序号：516
[2025-12-29 00:33:49.299][INFO][test_logger.cpp:21] 日志序号：517
[2025-12-29 00:33:49.299][INFO][test_logger.cpp:21] 日志序号：518
[2025-12-29 00:33:49.299][INFO][test_logger.cpp:21] 日志序号：519
[2025-12-29 00:33:49.299][INFO][test_logger.cpp:21] 日志序号：520
[2025-12-29 00:33:49.299][INFO][test_logger.cpp:21] 日志序号：521
[2025-12-29 00:33:49.299][INFO][test_logger.cpp:21] 日志序号：522
[2025-12-29 00:33:49.299][INFO][test_logger.cpp:21] 日志序号：523
[2025-12-29 00:33:49.299][INFO][test_logger.cpp:21] 日志序号：524
[2025-12-29 00:33:49.299][INFO][test_logger.cpp:21] 日志序号：525
[2025-12-29 00:33:49.299][INFO][test_logger.cpp:21] 日志序号：526
[2025-12-29 00:33:49.299][INFO][test_logger.cpp:21] 日志序号：527
[2025-12-29 00:33:49.299][INFO][test_logger.cpp:21] 日志序号：528
[2025-12-29 00:33:49.299][INFO][test_logger.cpp:21] 日志序号：529
[2025-12-29 00:33:49.299][INFO][test_logger.cpp:21] 日志序号：530
[2025-12-29 00:33:49.299][INFO][test_logger.cpp:21] 日志序号：531
[2025-12-29 00:33:49.299][INFO][test_logger.cpp:21] 日志序号：532
[2025-12-29 00:33:49.299][INFO][test_logger.cpp:21] 日志序号：533
[2025-12-29 00:33:49.299][INFO][test_logger.cpp:21] 日志序号：534
[2025-12-29 00:33:49.299][INFO][test_logger.cpp:21] 日志序号：535
[2025-12-29 00:33:49.299][INFO][test_logger.cpp:21] 日志序号：536
[2025-12-29 00:33:49.299][INFO][test_logger.cpp:21] 日志序号：537
[2025-12-29 00:33:49.299][INFO][test_logger.cpp:21] 日志序号：538
[2025-12-29 00:33:49.299][INFO][test_logger.cpp:21] 日志序号：539
[2025-12-29 00:33:49.299][INFO][test_logger.cpp:21] 日志序号：540
[2025-12-29 00:33:49.299][INFO][test_logger.cpp:21] 日志序号：541
[2025-12-29 00:33:49.299][INFO][test_logger.cpp:21] 日志序号：542
[2025-12-29 00:33:49.299][INFO][test_logger.cpp:21] 日志序号：543
[2025-12-29 00:33:49.299][INFO][test_logger.cpp:21] 日志序号：544
[2025-12-29 00:33:49.299][INFO][test_logger.cpp:21] 日志序号：545
[2025-12-29 00:33:49.299][INFO][test_logger.cpp:21] 日志序号：546
[2025-12-29 00:33:49.299][INFO][test_logger.cpp:21] 日志序号：547
[2025-12-29 00:33:49.299][INFO][test_logger.cpp:21] 日志序号：548
[2025-12-29 00:33:49.299][INFO][test_logger.cpp:21] 日志序号：549
[2025-12-29 00:33:49.299][INFO][test_logger.cpp:21] 日志序号：550
[2025-12-29 00:33:49.299][INFO][test_logger.cpp:21] 日志序号：551
[2025-12-29 00:33:49.299][INFO][test_logger.cpp:21] 日志序号：552
[2025-12-29 00:33:49.299][INFO][test_logger.cpp:21] 日志序号：553
[2025-12-29 00:33:49.299][INFO][test_logger.cpp:21] 日志序号：554
[2025-12-29 00:33:49.299][INFO][test_logger.cpp:21] 日志序号：555
[2025-12-29 00:33:49.299][INFO][test_logger.cpp:21] 日志序号：556
[2025-12-29 00:33:49.299][INFO][test_logger.cpp:21] 日志序号：557
[2025-12-29 00:33:49.299][INFO][test_logger.cpp:21] 日志序号：558
[2025-12-29 00:33:49.299][INFO][test_logger.cpp:21] 日志序号：559
[2025-12-29 00:33:49.299][INFO][test_logger.cpp:21] 日志序号：560
[2025-12-29 00:33:49.299][INFO][test_logger.cpp:21] 日志序号：561
[2025-12-29 00:33:49.299][INFO][test_logger.cpp:21] 日志序号：562
[2025-12-29 00:33:49.299][INFO][test_logger.cpp:21] 日志序号：563
[2025-12-29 00:33:49.299][INFO][test_logger.cpp:21] 日志序号：564
[2025-12-29 00:33:49.299][INFO][test_logger.cpp:21] 日志序号：565
[2025-12-29 00:33:49.299][INFO][test_logger.cpp:21] 日志序号：566
[2025-12-29 00:33:49.299][INFO][test_logger.cpp:21] 日志序号：567
[2025-12-29 00:33:49.299][INFO][test_logger.cpp:21] 日志序号：568
[2025-12-29 00:33:49.299][INFO][test_logger.cpp:21] 日志序号：569
[2025-12-29 00:33:49.299][INFO][test_logger.cpp:21] 日志序号：570
[2025-12-29 00:33:49.299][INFO][test_logger.cpp:21] 日志序号：571
[2025-12-29 00:33:49.299][INFO][test_logger.cpp:21] 日志序号：572
[2025-12-29 00:33:49.299][INFO][test_logger.cpp:21] 日志序号：573
[2025-12-29 00:33:49.299][INFO][test_logger.cpp:21] 日志序号：574
[2025-12-29 00:33:49.299][INFO][test_logger.cpp:21] 日志序号：575
[2025-12-29 00:33:49.299][INFO][test_logger.cpp:21] 日志序号：576
[2025-12-29 00:33:49.299][INFO][test_logger.cpp:21] 日志序号：577
[2025-12-29 00:33:49.299][INFO][test_logger.cpp:21] 日志序号：578
[2025-12-29 00:33:49.299][INFO][test_logger.cpp:21] 日志序号：579
[2025-12-29 00:33:49.299][INFO][test_logger.cpp:21] 日志序号：580
[2025-12-29 00:33:49.299][INFO][test_logger.cpp:21] 日志序号：581
[2025-12-29 00:33:49.299][INFO][test_logger.cpp:21] 日志序号：582
[2025-12-29 00:33:49.299][INFO][test_logger.cpp:21] 日志序号：583
[2025-12-29 00:33:49.299][INFO][test_logger.cpp:21] 日志序号：584
[2025-12-29 00:33:49.299][INFO][test_logger.cpp:21] 日志序号：585
[2025-12-29 00:33:49.299][INFO][test_logger.cpp:21] 日志序号：586
[2025-12-29 00:33:49.299][INFO][test_logger.cpp:21] 日志序号：587
[2025-12-29 00:33:49.299][INFO][test_logger.cpp:21] 日志序号：588
[2025-12-29 00:33:49.299][INFO][test_logger.cpp:21] 日志序号：589
[2025-12-29 00:33:49.299][INFO][test_logger.cpp:21] 日志序号：590
[2025-12-29 00:33:49.299][INFO][test_logger.cpp:21] 日志序号：591
[2025-12-29 00:33:49.299][INFO][test_logger.cpp:21] 日志序号：592
[2025-12-29 00:33:49.299][INFO][test_logger.cpp:21] 日志序号：593
[2025-12-29 00:33:49.299][INFO][test_logger.cpp:21] 日志序号：594
[2025-12-29 00:33:49.299][INFO][test_logger.cpp:21] 日志序号：595
[2025-12-29 00:33:49.299][INFO][test_logger.cpp:21] 日志序号：596
[2025-12-29 00:33:49.299][INFO][test_logger.cpp:21] 日志序号：597
[2025-12-29 00:33:49.299][INFO][test_logger.cpp:21] 日志序号：598
[2025-12-29 00:33:49.299][INFO][test_logger.cpp:21] 日志序号：599
[2025-12-29 00:33:49.299][INFO][test_logger.cpp:21] 日志序号：600
[2025-12-29 00:33:49.299][INFO][test_logger.cpp:21] 日志序号：601
[2025-12-29 00:33:49.299][INFO][test_logger.cpp:21] 日志序号：602
[2025-12-29 00:33:49.299][INFO][test_logger.cpp:21] 日志序号：603
[2025-12-29 00:33:49.299][INFO][test_logger.cpp:21] 日志序号：604
[2025-12-29 00:33:49.299][INFO][test_logger.cpp:21] 日志序号：605
[2025-12-29 00:33:49.299][INFO][test_logger.cpp:21] 日志序号：606
[2025-12-29 00:33:49.299][INFO][test_logger.cpp:21] 日志序号：607
[2025-12-29 00:33:49.299][INFO][test_logger.cpp:21] 日志序号：608
[2025-12-29 00:33:49.299][INFO][test_logger.cpp:21] 日志序号：609
[2025-12-29 00:33:49.299][INFO][test_logger.cpp:21] 日志序号：610
[2025-12-29 00:33:49.299][INFO][test_logger.cpp:21] 日志序号：611
[2025-12-29 00:33:49.299][INFO][test_logger.cpp:21] 日志序号：612
[2025-12-29 00:33:49.299][INFO][test_logger.cpp:21] 日志序号：613
[2025-12-29 00:33:49.299][INFO][test_logger.cpp:21] 日志序号：614
[2025-12-29 00:33:49.299][INFO][test_logger.cpp:21] 日志序号：615
[2025-12-29 00:33:49.299][INFO][test_logger.cpp:21] 日志序号：616
[2025-12-29 00:33:49.299][INFO][test_logger.cpp:21] 日志序号：617
[2025-12-29 00:33:49.299][INFO][test_logger.cpp:21] 日志序号：618
[2025-12-29 00:33:49.299][INFO][test_logger.cpp:21] 日志序号：619
[2025-12-29 00:33:49.299][INFO][test_logger.cpp:21] 日志序号：620
[2025-12-29 00:33:49.299][INFO][test_logger.cpp:21] 日志序号：621
[2025-12-29 00:33:49.299][INFO][test_logger.cpp:21] 日志序号：622
[2025-12-29 00:33:49.299][INFO][test_logger.cpp:21] 日志序号：623
[2025-12-29 00:33:49.299][INFO][test_logger.cpp:21] 日志序号：624
[2025-12-29 00:33:49.299][INFO][test_logger.cpp:21] 日志序号：625
[2025-12-29 00:33:49.299][INFO][test_logger.cpp:21] 日志序号：626
[2025-12-29 00:33:49.299][INFO][test_logger.cpp:21] 日志序号：627
[2025-12-29 00:33:49.299][INFO][test_logger.cpp:21] 日志序号：628
[2025-12-29 00:33:49.299][INFO][test_logger.cpp:21] 日志序号：629
[2025-12-29 00:33:49.299][INFO][test_logger.cpp:21] 日志序号：630
[2025-12-29 00:33:49.299][INFO][test_logger.cpp:21] 日志序号：631
[2025-12-29 00:33:49.299][INFO][test_logger.cpp:21] 日志序号：632
[2025-12-29 00:33:49.299][INFO][test_logger.cpp:21] 日志序号：633
[2025-12-29 00:33:49.299][INFO][test_logger.cpp:21] 日志序号：634
[2025-12-29 00:33:49.299][INFO][test_logger.cpp:21] 日志序号：635
[2025-12-29 00:33:49.299][INFO][test_logger.cpp:21] 日志序号：636
[2025-12-29 00:33:49.299][INFO][test_logger.cpp:21] 日志序号：637
[2025-12-29 00:33:49.299][INFO][test_logger.cpp:21] 日志序号：638
[2025-12-29 00:33:49.299][INFO][test_logger.cpp:21] 日志序号：639
[2025-12-29 00:33:49.299][INFO][test_logger.cpp:21] 日志序号：640
[2025-12-29 00:33:49.299][INFO][test_logger.cpp:21] 日志序号：641
[2025-12-29 00:33:49.299][INFO][test_logger.cpp:21] 日志序号：642
[2025-12-29 00:33:49.299][INFO][test_logger.cpp:21] 日志序号：643
[2025-12-29 00:33:49.299][INFO][test_logger.cpp:21] 日志序号：644
[2025-12-29 00:33:49.299][INFO][test_logger.cpp:21] 日志序号：645
[2025-12-29 00:33:49.299][INFO][test_logger.cpp:21] 日志序号：646
[2025-12-29 00:33:49.299][INFO][test_logger.cpp:21] 日志序号：647
[2025-12-29 00:33:49.299][INFO][test_logger.cpp:21] 日志序号：648
[2025-12-29 00:33:49.299][INFO][test_logger.cpp:21] 日志序号：649
[2025-12-29 00:33:49.299][INFO][test_logger.cpp:21] 日志序号：650
[2025-12-29 00:33:49.299][INFO][test_logger.cpp:21] 日志序号：651
[2025-12-29 00:33:49.299][INFO][test_logger.cpp:21] 日志序号：652
[2025-12-29 00:33:49.299][INFO][test_logger.cpp:21] 日志序号：653
[2025-12-29 00:33:49.299][INFO][test_logger.cpp:21] 日志序号：654
[2025-12-29 00:33:49.299][INFO][test_logger.cpp:21] 日志序号：655
[2025-12-29 00:33:49.299][INFO][test_logger.cpp:21] 日志序号：656
[2025-12-29 00:33:49.299][INFO][test_logger.cpp:21] 日志序号：657
[2025-12-29 00:33:49.299][INFO][test_logger.cpp:21] 日志序号：658
[2025-12-29 00:33:49.299][INFO][test_logger.cpp:21] 日志序号：659
[2025-12-29 00:33:49.299][INFO][test_logger.cpp:21] 日志序号：660
[2025-12-29 00:33:49.299][INFO][test_logger.cpp:21] 日志序号：661
[2025-12-29 00:33:49.299][INFO][test_logger.cpp:21] 日志序号：662
[2025-12-29 00:33:49.299][INFO][test_logger.cpp:21] 日志序号：663
[2025-12-29 00:33:49.299][INFO][test_logger.cpp:21] 日志序号：664
[2025-12-29 00:33:49.299][INFO][test_logger.cpp:21] 日志序号：665
[2025-12-29 00:33:49.299][INFO][test_logger.cpp:21] 日志序号：666
[2025-12-29 00:33:49.299][INFO][test_logger.cpp:21] 日志序号：667
[2025-12-29 00:33:49.299][INFO][test_logger.cpp:21] 日志序号：668
[2025-12-29 00:33:49.299][INFO][test_logger.cpp:21] 日志序号：669
[2025-12-29 00:33:49.299][INFO][test_logger.cpp:21] 日志序号：670
[2025-12-29 00:33:49.299][INFO][test_logger.cpp:21] 日志序号：671
[2025-12-29 00:33:49.299][INFO][test_logger.cpp:21] 日志序号：672
[2025-12-29 00:33:49.299][INFO][test_logger.cpp:21] 日志序号：673
[2025-12-29 00:33:49.299][INFO][test_logger.cpp:21] 日志序号：674
[2025-12-29 00:33:49.299][INFO][test_logger.cpp:21] 日志序号：675
[2025-12-29 00:33:49.299][INFO][test_logger.cpp:21] 日志序号：676
[2025-12-29 00:33:49.299][INFO][test_logger.cpp:21] 日志序号：677
[2025-12-29 00:33:49.299][INFO][test_logger.cpp:21] 日志序号：678
[2025-12-29 00:33:49.299][INFO][test_logger.cpp:21] 日志序号：679
[2025-12-29 00:33:49.299][INFO][test_logger.cpp:21] 日志序号：680
[2025-12-29 00:33:49.299][INFO][test_logger.cpp:21] 日志序号：681
[2025-12-29 00:33:49.299][INFO][test_logger.cpp:21] 日志序号：682
[2025-12-29 00:33:49.299][INFO][test_logger.cpp:21] 日志序号：683
[2025-12-29 00:33:49.299][INFO][test_logger.cpp:21] 日志序号：684
[2025-12-29 00:33:49.299][INFO][test_logger.cpp:21] 日志序号：685
[2025-12-29 00:33:49.299][INFO][test_logger.cpp:21] 日志序号：686
[2025-12-29 00:33:49.299][INFO][test_logger.cpp:21] 日志序号：687
[2025-12-29 00:33:49.299][INFO][test_logger.cpp:21] 日志序号：688
[2025-12-29 00:33:49.299][INFO][test_logger.cpp:21] 日志序号：689
[2025-12-29 00:33:49.299][INFO][test_logger.cpp:21] 日志序号：690
[2025-12-29 00:33:49.299][INFO][test_logger.cpp:21] 日志序号：691
[2025-12-29 00:33:49.299][INFO][test_logger.cpp:21] 日志序号：692
[2025-12-29 00:33:49.299][INFO][test_logger.cpp:21] 日志序号：693
[2025-12-29 00:33:49.299][INFO][test_logger.cpp:21] 日志序号：694
[2025-12-29 00:33:49.299][INFO][test_logger.cpp:21] 日志序号：695
[2025-12-29 00:33:49.299][INFO][test_logger.cpp:21] 日志序号：696
[2025-12-29 00:33:49.299][INFO][test_logger.cpp:21] 日志序号：697
[2025-12-29 00:33:49.299][INFO][test_logger.cpp:21] 日志序号：698
[2025-12-29 00:33:49.299][INFO][test_logger.cpp:21] 日志序号：699
[2025-12-29 00:33:49.299][INFO][test_logger.cpp:21] 日志序号：700
[2025-12-29 00:33:49.299][INFO][test_logger.cpp:21] 日志序号：701
[2025-12-29 00:33:49.299][INFO][test_logger.cpp:21] 日志序号：702
[2025-12-29 00:33:49.299][INFO][test_logger.cpp:21] 日志序号：703
[2025-12-29 00:33:49.299][INFO][test_logger.cpp:21] 日志序号：704
[2025-12-29 00:33:49.299][INFO][test_logger.cpp:21] 日志序号：705
[2025-12-29 00:33:49.299][INFO][test_logger.cpp:21] 日志序号：706
[2025-12-29 00:33:49.299][INFO][test_logger.cpp:21] 日志序号：707
[2025-12-29 00:33:49.299][INFO][test_logger.cpp:21] 日志序号：708
[2025-12-29 00:33:49.299][INFO][test_logger.cpp:21] 日志序号：709
[2025-12-29 00:33:49.299][INFO][test_logger.cpp:21] 日志序号：710
[2025-12-29 00:33:49.299][INFO][test_logger.cpp:21] 日志序号：711
[2025-12-29 00:33:49.299][INFO][test_logger.cpp:21] 日志序号：712
[2025-12-29 00:33:49.299][INFO][test_logger.cpp:21] 日志序号：713
[2025-12-29 00:33:49.299][INFO][test_logger.cpp:21] 日志序号：714
[2025-12-29 00:33:49.299][INFO][test_logger.cpp:21] 日志序号：715
[2025-12-29 00:33:49.299][INFO][test_logger.cpp:21] 日志序号：716
[2025-12-29 00:33:49.299][INFO][test_logger.cpp:21] 日志序号：717
[2025-12-29 00:33:49.299][INFO][test_logger.cpp:21] 日志序号：718
[2025-12-29 00:33:49.299][INFO][test_logger.cpp:21] 日志序号：719
[2025-12-29 00:33:49.299][INFO][test_logger.cpp:21] 日志序号：720
[2025-12-29 00:33:49.299][INFO][test_logger.cpp:21] 日志序号：721
[2025-12-29 00:33:49.299][INFO][test_logger.cpp:21] 日志序号：722
[2025-12-29 00:33:49.299][INFO][test_logger.cpp:21] 日志序号：723
[2025-12-29 00:33:49.299][INFO][test_logger.cpp:21] 日志序号：724
[2025-12-29 00:33:49.299][INFO][test_logger.cpp:21] 日志序号：725
[2025-12-29 00:33:49.299][INFO][test_logger.cpp:21] 日志序号：726
[2025-12-29 00:33:49.299][INFO][test_logger.cpp:21] 日志序号：727
[2025-12-29 00:33:49.299][INFO][test_logger.cpp:21] 日志序号：728
[2025-12-29 00:33:49.299][INFO][test_logger.cpp:21] 日志序号：729
[2025-12-29 00:33:49.299][INFO][test_logger.cpp:21] 日志序号：730
[2025-12-29 00:33:49.299][INFO][test_logger.cpp:21] 日志序号：731
[2025-12-29 00:33:49.299][INFO][test_logger.cpp:21] 日志序号：732
[2025-12-29 00:33:49.299][INFO][test_logger.cpp:21] 日志序号：733
[2025-12-29 00:33:49.299][INFO][test_logger.cpp:21] 日志序号：734
[2025-12-29 00:33:49.299][INFO][test_logger.cpp:21] 日志序号：735
[2025-12-29 00:33:49.299][INFO][test_logger.cpp:21] 日志序号：736
[2025-12-29 00:33:49.299][INFO][test_logger.cpp:21] 日志序号：737
[2025-12-29 00:33:49.299][INFO][test_logger.cpp:21] 日志序号：738
[2025-12-29 00:33:49.299][INFO][test_logger.cpp:21] 日志序号：739
[2025-12-29 00:33:49.299][INFO][test_logger.cpp:21] 日志序号：740
[2025-12-29 00:33:49.299][INFO][test_logger.cpp:21] 日志序号：741
[2025-12-29 00:33:49.299][INFO][test_logger.cpp:21] 日志序号：742
[2025-12-29 00:33:49.299][INFO][test_logger.cpp:21] 日志序号：743
[2025-12-29 00:33:49.299][INFO][test_logger.cpp:21] 日志序号：744
[2025-12-29 00:33:49.299][INFO][test_logger.cpp:21] 日志序号：745
[2025-12-29 00:33:49.299][INFO][test_logger.cpp:21] 日志序号：746
[2025-12-29 00:33:49.299][INFO][test_logger.cpp:21] 日志序号：747
[2025-12-29 00:33:49.299][INFO][test_logger.cpp:21] 日志序号：748
[2025-12-29 00:33:49.299][INFO][test_logger.cpp:21] 日志序号：749
[2025-12-29 00:33:49.299][INFO][test_logger.cpp:21] 日志序号：750
[2025-12-29 00:33:49.299][INFO][test_logger.cpp:21] 日志序号：751
[2025-12-29 00:33:49.299][INFO][test_logger.cpp:21] 日志序号：752
[2025-12-29 00:33:49.299][INFO][test_logger.cpp:21] 日志序号：753
[2025-12-29 00:33:49.299][INFO][test_logger.cpp:21] 日志序号：754
[2025-12-29 00:33:49.299][INFO][test_logger.cpp:21] 日志序号：755
[2025-12-29 00:33:49.299][INFO][test_logger.cpp:21] 日志序号：756
[2025-12-29 00:33:49.299][INFO][test_logger.cpp:21] 日志序号：757
[2025-12-29 00:33:49.299][INFO][test_logger.cpp:21] 日志序号：758
[2025-12-29 00:33:49.299][INFO][test_logger.cpp:21] 日志序号：759
[2025-12-29 00:33:49.299][INFO][test_logger.cpp:21] 日志序号：760
[2025-12-29 00:33:49.299][INFO][test_logger.cpp:21] 日志序号：761
[2025-12-29 00:33:49.299][INFO][test_logger.cpp:21] 日志序号：762
[2025-12-29 00:33:49.299][INFO][test_logger.cpp:21] 日志序号：763
[2025-12-29 00:33:49.299][INFO][test_logger.cpp:21] 日志序号：764
[2025-12-29 00:33:49.299][INFO][test_logger.cpp:21] 日志序号：765
[2025-12-29 00:33:49.299][INFO][test_logger.cpp:21] 日志序号：766
[2025-12-29 00:33:49.299][INFO][test_logger.cpp:21] 日志序号：767
[2025-12-29 00:33:49.299][INFO][test_logger.cpp:21] 日志序号：768
[2025-12-29 00:33:49.299][INFO][test_logger.cpp:21] 日志序号：769
[2025-12-29 00:33:49.299][INFO][test_logger.cpp:21] 日志序号：770
[2025-12-29 00:33:49.299][INFO][test_logger.cpp:21] 日志序号：771
[2025-12-29 00:33:49.299][INFO][test_logger.cpp:21] 日志序号：772
[2025-12-29 00:33:49.299][INFO][test_logger.cpp:21] 日志序号：773
[2025-12-29 00:33:49.299][INFO][test_logger.cpp:21] 日志序号：774
[2025-12-29 00:33:49.299][INFO][test_logger.cpp:21] 日志序号：775
[2025-12-29 00:33:49.299][INFO][test_logger.cpp:21] 日志序号：776
[2025-12-29 00:33:49.299][INFO][test_logger.cpp:21] 日志序号：777
[2025-12-29 00:33:49.299][INFO][test_logger.cpp:21] 日志序号：778
[2025-12-29 00:33:49.299][INFO][test_logger.cpp:21] 日志序号：779
[2025-12-29 00:33:49.299][INFO][test_logger.cpp:21] 日志序号：780
[2025-12-29 00:33:49.299][INFO][test_logger.cpp:21] 日志序号：781
[2025-12-29 00:33:49.299][INFO][test_logger.cpp:21] 日志序号：782
[2025-12-29 00:33:49.299][INFO][test_logger.cpp:21] 日志序号：783
[2025-12-29 00:33:49.299][INFO][test_logger.cpp:21] 日志序号：784
[2025-12-29 00:33:49.299][INFO][test_logger.cpp:21] 日志序号：785
[2025-12-29 00:33:49.299][INFO][test_logger.cpp:21] 日志序号：786
[2025-12-29 00:33:49.299][INFO][test_logger.cpp:21] 日志序号：787
[2025-12-29 00:33:49.299][INFO][test_logger.cpp:21] 日志序号：788
[2025-12-29 00:33:49.299][INFO][test_logger.cpp:21] 日志序号：789
[2025-12-29 00:33:49.299][INFO][test_logger.cpp:21] 日志序号：790
[2025-12-29 00:33:49.299][INFO][test_logger.cpp:21] 日志序号：791
[2025-12-29 00:33:49.299][INFO][test_logger.cpp:21] 日志序号：792
[2025-12-29 00:33:49.299][INFO][test_logger.cpp:21] 日志序号：793
[2025-12-29 00:33:49.299][INFO][test_logger.cpp:21] 日志序号：794
[2025-12-29 00:33:49.299][INFO][test_logger.cpp:21] 日志序号：795
[2025-12-29 00:33:49.299][INFO][test_logger.cpp:21] 日志序号：796
[2025-12-29 00:33:49.299][INFO][test_logger.cpp:21] 日志序号：797
[2025-12-29 00:33:49.299][INFO][test_logger.cpp:21] 日志序号：798
[2025-12-29 00:33:49.299][INFO][test_logger.cpp:21] 日志序号：799
[2025-12-29 00:33:49.299][INFO][test_logger.cpp:21] 日志序号：800
[2025-12-29 00:33:49.299][INFO][test_logger.cpp:21] 日志序号：801
[2025-12-29 00:33:49.299][INFO][test_logger.cpp:21] 日志序号：802
[2025-12-29 00:33:49.299][INFO][test_logger.cpp:21] 日志序号：803
[2025-12-29 00:33:49.299][INFO][test_logger.cpp:21] 日志序号：804
[2025-12-29 00:33:49.299][INFO][test_logger.cpp:21] 日志序号：805
[2025-12-29 00:33:49.299][INFO][test_logger.cpp:21] 日志序号：806
[2025-12-29 00:33:49.299][INFO][test_logger.cpp:21] 日志序号：807
[2025-12-29 00:33:49.299][INFO][test_logger.cpp:21] 日志序号：808
[2025-12-29 00:33:49.299][INFO][test_logger.cpp:21] 日志序号：809
[2025-12-29 00:33:49.299][INFO][test_logger.cpp:21] 日志序号：810
[2025-12-29 00:33:49.299][INFO][test_logger.cpp:21] 日志序号：811
[2025-12-29 00:33:49.299][INFO][test_logger.cpp:21] 日志序号：812
[2025-12-29 00:33:49.299][INFO][test_logger.cpp:21] 日志序号：813
[2025-12-29 00:33:49.299][INFO][test_logger.cpp:21] 日志序号：814
[2025-12-29 00:33:49.299][INFO][test_logger.cpp:21] 日志序号：815
[2025-12-29 00:33:49.299][INFO][test_logger.cpp:21] 日志序号：816
[2025-12-29 00:33:49.299][INFO][test_logger.cpp:21] 日志序号：817
[2025-12-29 00:33:49.299][INFO][test_logger.cpp:21] 日志序号：818
[2025-12-29 00:33:49.299][INFO][test_logger.cpp:21] 日志序号：819
[2025-12-29 00:33:49.299][INFO][test_logger.cpp:21] 日志序号：820
[2025-12-29 00:33:49.299][INFO][test_logger.cpp:21] 日志序号：821
[2025-12-29 00:33:49.299][INFO][test_logger.cpp:21] 日志序号：822
[2025-12-29 00:33:49.299][INFO][test_logger.cpp:21] 日志序号：823
[2025-12-29 00:33:49.299][INFO][test_logger.cpp:21] 日志序号：824
[2025-12-29 00:33:49.299][INFO][test_logger.cpp:21] 日志序号：825
[2025-12-29 00:33:49.299][INFO][test_logger.cpp:21] 日志序号：826
[2025-12-29 00:33:49.299][INFO][test_logger.cpp:21] 日志序号：827
[2025-12-29 00:33:49.299][INFO][test_logger.cpp:21] 日志序号：828
[2025-12-29 00:33:49.299][INFO][test_logger.cpp:21] 日志序号：829
[2025-12-29 00:33:49.299][INFO][test_logger.cpp:21] 日志序号：830
[2025-12-29 00:33:49.299][INFO][test_logger.cpp:21] 日志序号：831
[2025-12-29 00:33:49.299][INFO][test_logger.cpp:21] 日志序号：832
[2025-12-29 00:33:49.299][INFO][test_logger.cpp:21] 日志序号：833
[2025-12-29 00:33:49.299][INFO][test_logger.cpp:21] 日志序号：834
[2025-12-29 00:33:49.299][INFO][test_logger.cpp:21] 日志序号：835
[2025-12-29 00:33:49.299][INFO][test_logger.cpp:21] 日志序号：836
[2025-12-29 00:33:49.299][INFO][test_logger.cpp:21] 日志序号：837
[2025-12-29 00:33:49.299][INFO][test_logger.cpp:21] 日志序号：838
[2025-12-29 00:33:49.299][INFO][test_logger.cpp:21] 日志序号：839
[2025-12-29 00:33:49.299][INFO][test_logger.cpp:21] 日志序号：840
[2025-12-29 00:33:49.299][INFO][test_logger.cpp:21] 日志序号：841
[2025-12-29 00:33:49.299][INFO][test_logger.cpp:21] 日志序号：842
[2025-12-29 00:33:49.299][INFO][test_logger.cpp:21] 日志序号：843
[2025-12-29 00:33:49.299][INFO][test_logger.cpp:21] 日志序号：844
[2025-12-29 00:33:49.299][INFO][test_logger.cpp:21] 日志序号：845
[2025-12-29 00:33:49.299][INFO][test_logger.cpp:21] 日志序号：846
[2025-12-29 00:33:49.299][INFO][test_logger.cpp:21] 日志序号：847
[2025-12-29 00:33:49.299][INFO][test_logger.cpp:21] 日志序号：848
[2025-12-29 00:33:49.299][INFO][test_logger.cpp:21] 日志序号：849
[2025-12-29 00:33:49.299][INFO][test_logger.cpp:21] 日志序号：850
[2025-12-29 00:33:49.299][INFO][test_logger.cpp:21] 日志序号：851
[2025-12-29 00:33:49.299][INFO][test_logger.cpp:21] 日志序号：852
[2025-12-29 00:33:49.299][INFO][test_logger.cpp:21] 日志序号：853
[2025-12-29 00:33:49.299][INFO][test_logger.cpp:21] 日志序号：854
[2025-12-29 00:33:49.299][INFO][test_logger.cpp:21] 日志序号：855
[2025-12-29 00:33:49.299][INFO][test_logger.cpp:21] 日志序号：856
[2025-12-29 00:33:49.299][INFO][test_logger.cpp:21] 日志序号：857
[2025-12-29 00:33:49.299][INFO][test_logger.cpp:21] 日志序号：858
[2025-12-29 00:33:49.299][INFO][test_logger.cpp:21] 日志序号：859
[2025-12-29 00:33:49.299][INFO][test_logger.cpp:21] 日志序号：860
[2025-12-29 00:33:49.299][INFO][test_logger.cpp:21] 日志序号：861
[2025-12-29 00:33:49.299][INFO][test_logger.cpp:21] 日志序号：862
[2025-12-29 00:33:49.299][INFO][test_logger.cpp:21] 日志序号：863
[2025-12-29 00:33:49.299][INFO][test_logger.cpp:21] 日志序号：864
[2025-12-29 00:33:49.299][INFO][test_logger.cpp:21] 日志序号：865
[2025-12-29 00:33:49.299][INFO][test_logger.cpp:21] 日志序号：866
[2025-12-29 00:33:49.299][INFO][test_logger.cpp:21] 日志序号：867
[2025-12-29 00:33:49.299][INFO][test_logger.cpp:21] 日志序号：868
[2025-12-29 00:33:49.299][INFO][test_logger.cpp:21] 日志序号：869
[2025-12-29 00:33:49.299][INFO][test_logger.cpp:21] 日志序号：870
[2025-12-29 00:33:49.299][INFO][test_logger.cpp:21] 日志序号：871
[2025-12-29 00:33:49.299][INFO][test_logger.cpp:21] 日志序号：872
[2025-12-29 00:33:49.299][INFO][test_logger.cpp:21] 日志序号：873
[2025-12-29 00:33:49.299][INFO][test_logger.cpp:21] 日志序号：874
[2025-12-29 00:33:49.299][INFO][test_logger.cpp:21] 日志序号：875
[2025-12-29 00:33:49.299][INFO][test_logger.cpp:21] 日志序号：876
[2025-12-29 00:33:49.299][INFO][test_logger.cpp:21] 日志序号：877
[2025-12-29 00:33:49.299][INFO][test_logger.cpp:21] 日志序号：878
[2025-12-29 00:33:49.299][INFO][test_logger.cpp:21] 日志序号：879
[2025-12-29 00:33:49.299][INFO][test_logger.cpp:21] 日志序号：880
[2025-12-29 00:33:49.299][INFO][test_logger.cpp:21] 日志序号：881
[2025-12-29 00:33:49.299][INFO][test_logger.cpp:21] 日志序号：882
[2025-12-29 00:33:49.299][INFO][test_logger.cpp:21] 日志序号：883
[2025-12-29 00:33:49.299][INFO][test_logger.cpp:21] 日志序号：884
[2025-12-29 00:33:49.299][INFO][test_logger.cpp:21] 日志序号：885
[2025-12-29 00:33:49.299][INFO][test_logger.cpp:21] 日志序号：886
[2025-12-29 00:33:49.299][INFO][test_logger.cpp:21] 日志序号：887
[2025-12-29 00:33:49.299][INFO][test_logger.cpp:21] 日志序号：888
[2025-12-29 00:33:49.299][INFO][test_logger.cpp:21] 日志序号：889
[2025-12-29 00:33:49.299][INFO][test_logger.cpp:21] 日志序号：890
[2025-12-29 00:33:49.299][INFO][test_logger.cpp:21] 日志序号：891
[2025-12-29 00:33:49.299][INFO][test_logger.cpp:21] 日志序号：892
[2025-12-29 00:33:49.299][INFO][test_logger.cpp:21] 日志序号：893
[2025-12-29 00:33:49.299][INFO][test_logger.cpp:21] 日志序号：894
[2025-12-29 00:33:49.299][INFO][test_logger.cpp:21] 日志序号：895
[2025-12-29 00:33:49.299][INFO][test_logger.cpp:21] 日志序号：896
[2025-12-29 00:33:49.299][INFO][test_logger.cpp:21] 日志序号：897
[2025-12-29 00:33:49.299][INFO][test_logger.cpp:21] 日志序号：898
[2025-12-29 00:33:49.299][INFO][test_logger.cpp:21] 日志序号：899
[2025-12-29 00:33:49.299][INFO][test_logger.cpp:21] 日志序号：900
[2025-12-29 00:33:49.299][INFO][test_logger.cpp:21] 日志序号：901
[2025-12-29 00:33:49.299][INFO][test_logger.cpp:21] 日志序号：902
[2025-12-29 00:33:49.299][INFO][test_logger.cpp:21] 日志序号：903
[2025-12-29 00:33:49.299][INFO][test_logger.cpp:21] 日志序号：904
[2025-12-29 00:33:49.299][INFO][test_logger.cpp:21] 日志序号：905
[2025-12-29 00:33:49.299][INFO][test_logger.cpp:21] 日志序号：906
[2025-12-29 00:33:49.299][INFO][test_logger.cpp:21] 日志序号：907
[2025-12-29 00:33:49.299][INFO][test_logger.cpp:21] 日志序号：908
[2025-12-29 00:33:49.299][INFO][test_logger.cpp:21] 日志序号：909
[2025-12-29 00:33:49.299][INFO][test_logger.cpp:21] 日志序号：910
[2025-12-29 00:33:49.299][INFO][test_logger.cpp:21] 日志序号：911
[2025-12-29 00:33:49.299][INFO][test_logger.cpp:21] 日志序号：912
[2025-12-29 00:33:49.299][INFO][test_logger.cpp:21] 日志序号：913
[2025-12-29 00:33:49.299][INFO][test_logger.cpp:21] 日志序号：914
[2025-12-29 00:33:49.299][INFO][test_logger.cpp:21] 日志序号：915
[2025-12-29 00:33:49.299][INFO][test_logger.cpp:21] 日志序号：916
[2025-12-29 00:33:49.299][INFO][test_logger.cpp:21] 日志序号：917
[2025-12-29 00:33:49.299][INFO][test_logger.cpp:21] 日志序号：918
[2025-12-29 00:33:49.300][INFO][test_logger.cpp:21] 日志序号：919
[2025-12-29 00:33:49.300][INFO][test_logger.cpp:21] 日志序号：920
[2025-12-29 00:33:49.300][INFO][test_logger.cpp:21] 日志序号：921
[2025-12-29 00:33:49.300][INFO][test_logger.cpp:21] 日志序号：922
[2025-12-29 00:33:49.300][INFO][test_logger.cpp:21] 日志序号：923
[2025-12-29 00:33:49.300][INFO][test_logger.cpp:21] 日志序号：924
[2025-12-29 00:33:49.300][INFO][test_logger.cpp:21] 日志序号：925
[2025-12-29 00:33:49.300][INFO][test_logger.cpp:21] 日志序号：926
[2025-12-29 00:33:49.300][INFO][test_logger.cpp:21] 日志序号：927
[2025-12-29 00:33:49.300][INFO][test_logger.cpp:21] 日志序号：928
[2025-12-29 00:33:49.300][INFO][test_logger.cpp:21] 日志序号：929
[2025-12-29 00:33:49.300][INFO][test_logger.cpp:21] 日志序号：930
[2025-12-29 00:33:49.300][INFO][test_logger.cpp:21] 日志序号：931
[2025-12-29 00:33:49.300][INFO][test_logger.cpp:21] 日志序号：932
[2025-12-29 00:33:49.300][INFO][test_logger.cpp:21] 日志序号：933
[2025-12-29 00:33:49.300][INFO][test_logger.cpp:21] 日志序号：934
[2025-12-29 00:33:49.300][INFO][test_logger.cpp:21] 日志序号：935
[2025-12-29 00:33:49.300][INFO][test_logger.cpp:21] 日志序号：936
[2025-12-29 00:33:49.300][INFO][test_logger.cpp:21] 日志序号：937
[2025-12-29 00:33:49.300][INFO][test_logger.cpp:21] 日志序号：938
[2025-12-29 00:33:49.300][INFO][test_logger.cpp:21] 日志序号：939
[2025-12-29 00:33:49.300][INFO][test_logger.cpp:21] 日志序号：940
[2025-12-29 00:33:49.300][INFO][test_logger.cpp:21] 日志序号：941
[2025-12-29 00:33:49.300][INFO][test_logger.cpp:21] 日志序号：942
[2025-12-29 00:33:49.300][INFO][test_logger.cpp:21] 日志序号：943
[2025-12-29 00:33:49.300][INFO][test_logger.cpp:21] 日志序号：944
[2025-12-29 00:33:49.300][INFO][test_logger.cpp:21] 日志序号：945
[2025-12-29 00:33:49.300][INFO][test_logger.cpp:21] 日志序号：946
[2025-12-29 00:33:49.300][INFO][test_logger.cpp:21] 日志序号：947
[2025-12-29 00:33:49.300][INFO][test_logger.cpp:21] 日志序号：948
[2025-12-29 00:33:49.300][INFO][test_logger.cpp:21] 日志序号：949
[2025-12-29 00:33:49.300][INFO][test_logger.cpp:21] 日志序号：950
[2025-12-29 00:33:49.300][INFO][test_logger.cpp:21] 日志序号：951
[2025-12-29 00:33:49.300][INFO][test_logger.cpp:21] 日志序号：952
[2025-12-29 00:33:49.300][INFO][test_logger.cpp:21] 日志序号：953
[2025-12-29 00:33:49.300][INFO][test_logger.cpp:21] 日志序号：954
[2025-12-29 00:33:49.300][INFO][test_logger.cpp:21] 日志序号：955
[2025-12-29 00:33:49.300][INFO][test_logger.cpp:21] 日志序号：956
[2025-12-29 00:33:49.300][INFO][test_logger.cpp:21] 日志序号：957
[2025-12-29 00:33:49.300][INFO][test_logger.cpp:21] 日志序号：958
[2025-12-29 00:33:49.300][INFO][test_logger.cpp:21] 日志序号：959
[2025-12-29 00:33:49.300][INFO][test_logger.cpp:21] 日志序号：960
[2025-12-29 00:33:49.300][INFO][test_logger.cpp:21] 日志序号：961
[2025-12-29 00:33:49.300][INFO][test_logger.cpp:21] 日志序号：962
[2025-12-29 00:33:49.300][INFO][test_logger.cpp:21] 日志序号：963
[2025-12-29 00:33:49.300][INFO][test_logger.cpp:21] 日志序号：964
[2025-12-29 00:33:49.300][INFO][test_logger.cpp:21] 日志序号：965
[2025-12-29 00:33:49.300][INFO][test_logger.cpp:21] 日志序号：966
[2025-12-29 00:33:49.300][INFO][test_logger.cpp:21] 日志序号：967
[2025-12-29 00:33:49.300][INFO][test_logger.cpp:21] 日志序号：968
[2025-12-29 00:33:49.300][INFO][test_logger.cpp:21] 日志序号：969
[2025-12-29 00:33:49.300][INFO][test_logger.cpp:21] 日志序号：970
[2025-12-29 00:33:49.300][INFO][test_logger.cpp:21] 日志序号：971
[2025-12-29 00:33:49.300][INFO][test_logger.cpp:21] 日志序号：972
[2025-12-29 00:33:49.300][INFO][test_logger.cpp:21] 日志序号：973
[2025-12-29 00:33:49.300][INFO][test_logger.cpp:21] 日志序号：974
[2025-12-29 00:33:49.300][INFO][test_logger.cpp:21] 日志序号：975
[2025-12-29 00:33:49.300][INFO][test_logger.cpp:21] 日志序号：976
[2025-12-29 00:33:49.300][INFO][test_logger.cpp:21] 日志序号：977
[2025-12-29 00:33:49.300][INFO][test_logger.cpp:21] 日志序号：978
[2025-12-29 00:33:49.300][INFO][test_logger.cpp:21] 日志序号：979
[2025-12-29 00:33:49.300][INFO][test_logger.cpp:21] 日志序号：980
[2025-12-29 00:33:49.300][INFO][test_logger.cpp:21] 日志序号：981
[2025-12-29 00:33:49.300][INFO][test_logger.cpp:21] 日志序号：982
[2025-12-29 00:33:49.300][INFO][test_logger.cpp:21] 日志序号：983
[2025-12-29 00:33:49.300][INFO][test_logger.cpp:21] 日志序号：984
[2025-12-29 00:33:49.300][INFO][test_logger.cpp:21] 日志序号：985
[2025-12-29 00:33:49.300][INFO][test_logger.cpp:21] 日志序号：986
[2025-12-29 00:33:49.300][INFO][test_logger.cpp:21] 日志序号：987
[2025-12-29 00:33:49.300][INFO][test_logger.cpp:21] 日志序号：988
[2025-12-29 00:33:49.300][INFO][test_logger.cpp:21] 日志序号：989
[2025-12-29 00:33:49.300][INFO][test_logger.cpp:21] 日志序号：990
[2025-12-29 00:33:49.300][INFO][test_logger.cpp:21] 日志序号：991
[2025-12-29 00:33:49.300][INFO][test_logger.cpp:21] 日志序号：992
[2025-12-29 00:33:49.300][INFO][test_logger.cpp:21] 日志序号：993
[2025-12-29 00:33:49.300][INFO][test_logger.cpp:21] 日志序号：994
[2025-12-29 00:33:49.300][INFO][test_logger.cpp:21] 日志序号：995
[2025-12-29 00:33:49.300][INFO][test_logger.cpp:21] 日志序号：996
[2025-12-29 00:33:49.300][INFO][test_logger.cpp:21] 日志序号：997
[2025-12-29 00:33:49.300][INFO][test_logger.cpp:21] 日志序号：998
[2025-12-29 00:33:49.300][INFO][test_logger.cpp:21] 日志序号：999
[2025-12-29 00:33:52.300][ERROR][test_logger.cpp:32] 这是一条ERROR日志
[2025-12-29 00:33:52.300][FATAL][test_logger.cpp:33] 这是一条FATAL日志
[2025-12-29 00:33:52.300][WARN][test_logger.cpp:35] 这是一条WARN日志
